0 verbose cli /usr/local/bin/node /usr/local/bin/npm
1 info using npm@11.6.2
2 info using node@v24.11.1
3 silly config load:file:/usr/local/lib/node_modules/npm/npmrc
4 silly config load:file:/Users/pedroreyes/Documents/Selvatic/apps/web/.npmrc
5 silly config load:file:/Users/pedroreyes/.npmrc
6 silly config load:file:/Users/pedroreyes/Documents/Selvatic/apps/web/etc/npmrc
7 verbose title npm install vitest jsdom @playwright/test
8 verbose argv "install" "--prefix" "apps/web" "--save-dev" "vitest" "jsdom" "@playwright/test" "--cache" "/Users/pedroreyes/Documents/Selvatic/.npm-cache"
9 verbose logfile logs-max:10 dir:/Users/pedroreyes/Documents/Selvatic/.npm-cache/_logs/2026-02-21T17_33_47_799Z-
10 verbose logfile /Users/pedroreyes/Documents/Selvatic/.npm-cache/_logs/2026-02-21T17_33_47_799Z-debug-0.log
11 silly logfile done cleaning log files
12 silly packumentCache heap:2348810240 maxSize:587202560 maxEntrySize:293601280
13 verbose shrinkwrap failed to load node_modules/.package-lock.json out of date, updated: node_modules
14 silly idealTree buildDeps
15 silly fetch manifest vitest@*
16 silly packumentCache full:https://registry.npmjs.org/vitest cache-miss
17 http fetch GET 200 https://registry.npmjs.org/vitest 147ms (cache miss)
18 silly packumentCache full:https://registry.npmjs.org/vitest set size:undefined disposed:false
19 silly fetch manifest @edge-runtime/vm@*
20 silly packumentCache full:https://registry.npmjs.org/@edge-runtime%2fvm cache-miss
21 http fetch GET 200 https://registry.npmjs.org/@edge-runtime%2fvm 48ms (cache miss)
22 silly packumentCache full:https://registry.npmjs.org/@edge-runtime%2fvm set size:undefined disposed:false
23 silly fetch manifest @opentelemetry/api@^1.9.0
24 silly packumentCache full:https://registry.npmjs.org/@opentelemetry%2fapi cache-miss
25 http fetch GET 200 https://registry.npmjs.org/@opentelemetry%2fapi 56ms (cache miss)
26 silly packumentCache full:https://registry.npmjs.org/@opentelemetry%2fapi set size:undefined disposed:false
27 silly fetch manifest @types/node@^20.0.0 || ^22.0.0 || >=24.0.0
28 silly packumentCache full:https://registry.npmjs.org/@types%2fnode cache-miss
29 http fetch GET 200 https://registry.npmjs.org/@types%2fnode 70ms (cache revalidated)
30 silly packumentCache full:https://registry.npmjs.org/@types%2fnode set size:10864169 disposed:false
31 silly fetch manifest @vitest/browser-playwright@4.0.18
32 silly packumentCache full:https://registry.npmjs.org/@vitest%2fbrowser-playwright cache-miss
33 http fetch GET 200 https://registry.npmjs.org/@vitest%2fbrowser-playwright 48ms (cache miss)
34 silly packumentCache full:https://registry.npmjs.org/@vitest%2fbrowser-playwright set size:undefined disposed:false
35 silly fetch manifest playwright@*
36 silly packumentCache full:https://registry.npmjs.org/playwright cache-miss
37 http fetch GET 200 https://registry.npmjs.org/playwright 326ms (cache miss)
38 silly packumentCache full:https://registry.npmjs.org/playwright set size:undefined disposed:false
39 silly fetch manifest @vitest/browser-preview@4.0.18
40 silly packumentCache full:https://registry.npmjs.org/@vitest%2fbrowser-preview cache-miss
41 http fetch GET 200 https://registry.npmjs.org/@vitest%2fbrowser-preview 48ms (cache miss)
42 silly packumentCache full:https://registry.npmjs.org/@vitest%2fbrowser-preview set size:undefined disposed:false
43 silly fetch manifest @vitest/browser-webdriverio@4.0.18
44 silly packumentCache full:https://registry.npmjs.org/@vitest%2fbrowser-webdriverio cache-miss
45 http fetch GET 200 https://registry.npmjs.org/@vitest%2fbrowser-webdriverio 49ms (cache miss)
46 silly packumentCache full:https://registry.npmjs.org/@vitest%2fbrowser-webdriverio set size:undefined disposed:false
47 silly fetch manifest webdriverio@*
48 silly packumentCache full:https://registry.npmjs.org/webdriverio cache-miss
49 http fetch GET 200 https://registry.npmjs.org/webdriverio 75ms (cache miss)
50 silly packumentCache full:https://registry.npmjs.org/webdriverio set size:undefined disposed:false
51 silly fetch manifest puppeteer-core@>=22.x || <=24.x
52 silly packumentCache full:https://registry.npmjs.org/puppeteer-core cache-miss
53 http fetch GET 200 https://registry.npmjs.org/puppeteer-core 45ms (cache miss)
54 silly packumentCache full:https://registry.npmjs.org/puppeteer-core set size:undefined disposed:false
55 silly fetch manifest @vitest/ui@4.0.18
56 silly packumentCache full:https://registry.npmjs.org/@vitest%2fui cache-miss
57 http fetch GET 200 https://registry.npmjs.org/@vitest%2fui 58ms (cache miss)
58 silly packumentCache full:https://registry.npmjs.org/@vitest%2fui set size:undefined disposed:false
59 silly fetch manifest happy-dom@*
60 silly packumentCache full:https://registry.npmjs.org/happy-dom cache-miss
61 http fetch GET 200 https://registry.npmjs.org/happy-dom 61ms (cache miss)
62 silly packumentCache full:https://registry.npmjs.org/happy-dom set size:undefined disposed:false
63 silly fetch manifest jsdom@*
64 silly packumentCache full:https://registry.npmjs.org/jsdom cache-miss
65 http fetch GET 200 https://registry.npmjs.org/jsdom 28ms (cache revalidated)
66 silly packumentCache full:https://registry.npmjs.org/jsdom set size:1042325 disposed:false
67 silly fetch manifest canvas@^3.0.0
68 silly packumentCache full:https://registry.npmjs.org/canvas cache-miss
69 http fetch GET 200 https://registry.npmjs.org/canvas 32ms (cache revalidated)
70 silly packumentCache full:https://registry.npmjs.org/canvas set size:366497 disposed:false
71 silly fetch manifest @playwright/test@*
72 silly packumentCache full:https://registry.npmjs.org/@playwright%2ftest cache-miss
73 http fetch GET 200 https://registry.npmjs.org/@playwright%2ftest 205ms (cache miss)
74 silly packumentCache full:https://registry.npmjs.org/@playwright%2ftest set size:undefined disposed:false
75 silly placeDep ROOT @playwright/test@1.58.2 OK for: web@0.0.1 want: *
76 silly placeDep ROOT jsdom@28.1.0 OK for: web@0.0.1 want: *
77 silly placeDep ROOT vitest@4.0.18 OK for: web@0.0.1 want: *
78 silly fetch manifest playwright@1.58.2
79 silly packumentCache full:https://registry.npmjs.org/playwright cache-miss
80 silly fetch manifest @acemir/cssom@^0.9.31
81 silly packumentCache full:https://registry.npmjs.org/@acemir%2fcssom cache-miss
82 silly fetch manifest @asamuzakjp/dom-selector@^6.8.1
83 silly packumentCache full:https://registry.npmjs.org/@asamuzakjp%2fdom-selector cache-miss
84 silly fetch manifest @bramus/specificity@^2.4.2
85 silly packumentCache full:https://registry.npmjs.org/@bramus%2fspecificity cache-miss
86 silly fetch manifest @exodus/bytes@^1.11.0
87 silly packumentCache full:https://registry.npmjs.org/@exodus%2fbytes cache-miss
88 silly fetch manifest cssstyle@^6.0.1
89 silly packumentCache full:https://registry.npmjs.org/cssstyle cache-miss
90 silly fetch manifest data-urls@^7.0.0
91 silly packumentCache full:https://registry.npmjs.org/data-urls cache-miss
92 http cache https://registry.npmjs.org/playwright 28ms (cache hit)
93 silly packumentCache full:https://registry.npmjs.org/playwright set size:15757557 disposed:false
94 silly fetch manifest decimal.js@^10.6.0
95 silly packumentCache full:https://registry.npmjs.org/decimal.js cache-miss
96 http fetch GET 200 https://registry.npmjs.org/@asamuzakjp%2fdom-selector 108ms (cache revalidated)
97 silly packumentCache full:https://registry.npmjs.org/@asamuzakjp%2fdom-selector set size:584864 disposed:false
98 silly fetch manifest html-encoding-sniffer@^6.0.0
99 silly packumentCache full:https://registry.npmjs.org/html-encoding-sniffer cache-miss
100 http fetch GET 200 https://registry.npmjs.org/decimal.js 33ms (cache revalidated)
101 silly packumentCache full:https://registry.npmjs.org/decimal.js set size:107790 disposed:false
102 silly fetch manifest http-proxy-agent@^7.0.2
103 silly packumentCache full:https://registry.npmjs.org/http-proxy-agent cache-miss
104 http fetch GET 200 https://registry.npmjs.org/cssstyle 155ms (cache revalidated)
105 silly packumentCache full:https://registry.npmjs.org/cssstyle set size:158571 disposed:false
106 silly fetch manifest https-proxy-agent@^7.0.6
107 silly packumentCache full:https://registry.npmjs.org/https-proxy-agent cache-miss
108 http fetch GET 200 https://registry.npmjs.org/data-urls 157ms (cache revalidated)
109 silly packumentCache full:https://registry.npmjs.org/data-urls set size:37311 disposed:false
110 silly fetch manifest is-potential-custom-element-name@^1.0.1
111 silly packumentCache full:https://registry.npmjs.org/is-potential-custom-element-name cache-miss
112 http fetch GET 200 https://registry.npmjs.org/http-proxy-agent 31ms (cache revalidated)
113 silly packumentCache full:https://registry.npmjs.org/http-proxy-agent set size:50096 disposed:false
114 silly fetch manifest parse5@^8.0.0
115 silly packumentCache full:https://registry.npmjs.org/parse5 cache-miss
116 http fetch GET 200 https://registry.npmjs.org/@acemir%2fcssom 170ms (cache revalidated)
117 silly packumentCache full:https://registry.npmjs.org/@acemir%2fcssom set size:54817 disposed:false
118 silly fetch manifest saxes@^6.0.0
119 silly packumentCache full:https://registry.npmjs.org/saxes cache-miss
120 http fetch GET 200 https://registry.npmjs.org/html-encoding-sniffer 62ms (cache revalidated)
121 silly packumentCache full:https://registry.npmjs.org/html-encoding-sniffer set size:23370 disposed:false
122 silly fetch manifest symbol-tree@^3.2.4
123 silly packumentCache full:https://registry.npmjs.org/symbol-tree cache-miss
124 http fetch GET 200 https://registry.npmjs.org/@bramus%2fspecificity 180ms (cache revalidated)
125 silly packumentCache full:https://registry.npmjs.org/@bramus%2fspecificity set size:99385 disposed:false
126 silly fetch manifest tough-cookie@^6.0.0
127 silly packumentCache full:https://registry.npmjs.org/tough-cookie cache-miss
128 http fetch GET 200 https://registry.npmjs.org/is-potential-custom-element-name 28ms (cache revalidated)
129 silly packumentCache full:https://registry.npmjs.org/is-potential-custom-element-name set size:6810 disposed:false
130 silly fetch manifest undici@^7.21.0
131 silly packumentCache full:https://registry.npmjs.org/undici cache-miss
132 http fetch GET 200 https://registry.npmjs.org/https-proxy-agent 32ms (cache revalidated)
133 silly packumentCache full:https://registry.npmjs.org/https-proxy-agent set size:76241 disposed:false
134 silly fetch manifest w3c-xmlserializer@^5.0.0
135 silly packumentCache full:https://registry.npmjs.org/w3c-xmlserializer cache-miss
136 http fetch GET 200 https://registry.npmjs.org/saxes 23ms (cache revalidated)
137 silly packumentCache full:https://registry.npmjs.org/saxes set size:228593 disposed:false
138 silly fetch manifest webidl-conversions@^8.0.1
139 silly packumentCache full:https://registry.npmjs.org/webidl-conversions cache-miss
140 http fetch GET 200 https://registry.npmjs.org/parse5 30ms (cache revalidated)
141 silly packumentCache full:https://registry.npmjs.org/parse5 set size:120809 disposed:false
142 silly fetch manifest whatwg-mimetype@^5.0.0
143 silly packumentCache full:https://registry.npmjs.org/whatwg-mimetype cache-miss
144 http fetch GET 200 https://registry.npmjs.org/symbol-tree 29ms (cache revalidated)
145 silly packumentCache full:https://registry.npmjs.org/symbol-tree set size:60614 disposed:false
146 silly fetch manifest whatwg-url@^16.0.0
147 silly packumentCache full:https://registry.npmjs.org/whatwg-url cache-miss
148 http fetch GET 200 https://registry.npmjs.org/@exodus%2fbytes 208ms (cache revalidated)
149 silly packumentCache full:https://registry.npmjs.org/@exodus%2fbytes set size:196597 disposed:false
150 silly fetch manifest xml-name-validator@^5.0.0
151 silly packumentCache full:https://registry.npmjs.org/xml-name-validator cache-miss
152 http fetch GET 200 https://registry.npmjs.org/w3c-xmlserializer 25ms (cache revalidated)
153 silly packumentCache full:https://registry.npmjs.org/w3c-xmlserializer set size:36375 disposed:false
154 silly fetch manifest pathe@^2.0.3
155 silly packumentCache full:https://registry.npmjs.org/pathe cache-miss
156 http fetch GET 200 https://registry.npmjs.org/tough-cookie 35ms (cache revalidated)
157 silly packumentCache full:https://registry.npmjs.org/tough-cookie set size:145095 disposed:false
158 silly fetch manifest std-env@^3.10.0
159 silly packumentCache full:https://registry.npmjs.org/std-env cache-miss
160 http fetch GET 200 https://registry.npmjs.org/undici 35ms (cache revalidated)
161 silly packumentCache full:https://registry.npmjs.org/undici set size:1271191 disposed:false
162 silly fetch manifest tinyexec@^1.0.2
163 silly packumentCache full:https://registry.npmjs.org/tinyexec cache-miss
164 http fetch GET 200 https://registry.npmjs.org/webidl-conversions 34ms (cache revalidated)
165 silly packumentCache full:https://registry.npmjs.org/webidl-conversions set size:46073 disposed:false
166 silly fetch manifest tinybench@^2.9.0
167 silly packumentCache full:https://registry.npmjs.org/tinybench cache-miss
168 http fetch GET 200 https://registry.npmjs.org/whatwg-url 34ms (cache revalidated)
169 silly packumentCache full:https://registry.npmjs.org/whatwg-url set size:170765 disposed:false
170 silly fetch manifest @vitest/spy@4.0.18
171 silly packumentCache full:https://registry.npmjs.org/@vitest%2fspy cache-miss
172 http fetch GET 200 https://registry.npmjs.org/whatwg-mimetype 53ms (cache revalidated)
173 silly packumentCache full:https://registry.npmjs.org/whatwg-mimetype set size:28179 disposed:false
174 silly fetch manifest expect-type@^1.2.2
175 silly packumentCache full:https://registry.npmjs.org/expect-type cache-miss
176 http fetch GET 200 https://registry.npmjs.org/pathe 44ms (cache miss)
177 silly packumentCache full:https://registry.npmjs.org/pathe set size:undefined disposed:false
178 silly fetch manifest tinyrainbow@^3.0.3
179 silly packumentCache full:https://registry.npmjs.org/tinyrainbow cache-miss
180 http fetch GET 200 https://registry.npmjs.org/tinyexec 33ms (cache miss)
181 silly packumentCache full:https://registry.npmjs.org/tinyexec set size:undefined disposed:false
182 silly fetch manifest @vitest/utils@4.0.18
183 silly packumentCache full:https://registry.npmjs.org/@vitest%2futils cache-miss
184 http fetch GET 200 https://registry.npmjs.org/xml-name-validator 53ms (cache revalidated)
185 silly packumentCache full:https://registry.npmjs.org/xml-name-validator set size:11085 disposed:false
186 silly fetch manifest @vitest/expect@4.0.18
187 silly packumentCache full:https://registry.npmjs.org/@vitest%2fexpect cache-miss
188 http fetch GET 200 https://registry.npmjs.org/tinybench 31ms (cache miss)
189 silly packumentCache full:https://registry.npmjs.org/tinybench set size:undefined disposed:false
190 silly fetch manifest @vitest/mocker@4.0.18
191 silly packumentCache full:https://registry.npmjs.org/@vitest%2fmocker cache-miss
192 http fetch GET 200 https://registry.npmjs.org/std-env 60ms (cache miss)
193 silly packumentCache full:https://registry.npmjs.org/std-env set size:undefined disposed:false
194 silly fetch manifest @vitest/runner@4.0.18
195 silly packumentCache full:https://registry.npmjs.org/@vitest%2frunner cache-miss
196 http fetch GET 200 https://registry.npmjs.org/expect-type 36ms (cache miss)
197 silly packumentCache full:https://registry.npmjs.org/expect-type set size:undefined disposed:false
198 silly fetch manifest es-module-lexer@^1.7.0
199 silly packumentCache full:https://registry.npmjs.org/es-module-lexer cache-miss
200 http fetch GET 200 https://registry.npmjs.org/tinyrainbow 33ms (cache miss)
201 silly packumentCache full:https://registry.npmjs.org/tinyrainbow set size:undefined disposed:false
202 silly fetch manifest @vitest/snapshot@4.0.18
203 silly packumentCache full:https://registry.npmjs.org/@vitest%2fsnapshot cache-miss
204 http fetch GET 200 https://registry.npmjs.org/@vitest%2fspy 55ms (cache miss)
205 silly packumentCache full:https://registry.npmjs.org/@vitest%2fspy set size:undefined disposed:false
206 silly fetch manifest why-is-node-running@^2.3.0
207 silly packumentCache full:https://registry.npmjs.org/why-is-node-running cache-miss
208 http fetch GET 200 https://registry.npmjs.org/@vitest%2fexpect 46ms (cache miss)
209 silly packumentCache full:https://registry.npmjs.org/@vitest%2fexpect set size:undefined disposed:false
210 silly fetch manifest @vitest/pretty-format@4.0.18
211 silly packumentCache full:https://registry.npmjs.org/@vitest%2fpretty-format cache-miss
212 http fetch GET 200 https://registry.npmjs.org/@vitest%2futils 53ms (cache miss)
213 silly packumentCache full:https://registry.npmjs.org/@vitest%2futils set size:undefined disposed:false
214 http fetch GET 200 https://registry.npmjs.org/es-module-lexer 33ms (cache miss)
215 silly packumentCache full:https://registry.npmjs.org/es-module-lexer set size:undefined disposed:false
216 http fetch GET 200 https://registry.npmjs.org/why-is-node-running 38ms (cache miss)
217 silly packumentCache full:https://registry.npmjs.org/why-is-node-running set size:undefined disposed:false
218 http fetch GET 200 https://registry.npmjs.org/@vitest%2frunner 62ms (cache miss)
219 silly packumentCache full:https://registry.npmjs.org/@vitest%2frunner set size:undefined disposed:false
220 http fetch GET 200 https://registry.npmjs.org/@vitest%2fmocker 82ms (cache miss)
221 silly packumentCache full:https://registry.npmjs.org/@vitest%2fmocker set size:undefined disposed:false
222 http fetch GET 200 https://registry.npmjs.org/@vitest%2fpretty-format 39ms (cache miss)
223 silly packumentCache full:https://registry.npmjs.org/@vitest%2fpretty-format set size:undefined disposed:false
224 http fetch GET 200 https://registry.npmjs.org/@vitest%2fsnapshot 58ms (cache miss)
225 silly packumentCache full:https://registry.npmjs.org/@vitest%2fsnapshot set size:undefined disposed:false
226 silly placeDep ROOT playwright@1.58.2 OK for: @playwright/test@1.58.2 want: 1.58.2
227 silly fetch manifest playwright-core@1.58.2
228 silly packumentCache full:https://registry.npmjs.org/playwright-core cache-miss
229 silly fetch manifest fsevents@2.3.2
230 silly packumentCache full:https://registry.npmjs.org/fsevents cache-miss
231 http fetch GET 200 https://registry.npmjs.org/fsevents 41ms (cache miss)
232 silly packumentCache full:https://registry.npmjs.org/fsevents set size:undefined disposed:false
233 http fetch GET 200 https://registry.npmjs.org/playwright-core 332ms (cache miss)
234 silly packumentCache full:https://registry.npmjs.org/playwright-core set size:undefined disposed:false
235 silly fetch manifest @noble/hashes@^1.8.0 || ^2.0.0
236 silly packumentCache full:https://registry.npmjs.org/@noble%2fhashes cache-miss
237 http fetch GET 200 https://registry.npmjs.org/@noble%2fhashes 47ms (cache revalidated)
238 silly packumentCache full:https://registry.npmjs.org/@noble%2fhashes set size:214622 disposed:false
239 silly placeDep ROOT @acemir/cssom@0.9.31 OK for: jsdom@28.1.0 want: ^0.9.31
240 silly placeDep ROOT @asamuzakjp/dom-selector@6.8.1 OK for: jsdom@28.1.0 want: ^6.8.1
241 silly placeDep ROOT @bramus/specificity@2.4.2 OK for: jsdom@28.1.0 want: ^2.4.2
242 silly placeDep ROOT @exodus/bytes@1.14.1 OK for: jsdom@28.1.0 want: ^1.11.0
243 silly placeDep ROOT cssstyle@6.0.1 OK for: jsdom@28.1.0 want: ^6.0.1
244 silly placeDep ROOT data-urls@7.0.0 OK for: jsdom@28.1.0 want: ^7.0.0
245 silly placeDep ROOT decimal.js@10.6.0 OK for: jsdom@28.1.0 want: ^10.6.0
246 silly placeDep ROOT html-encoding-sniffer@6.0.0 OK for: jsdom@28.1.0 want: ^6.0.0
247 silly placeDep ROOT http-proxy-agent@7.0.2 OK for: jsdom@28.1.0 want: ^7.0.2
248 silly placeDep ROOT https-proxy-agent@7.0.6 OK for: jsdom@28.1.0 want: ^7.0.6
249 silly placeDep ROOT is-potential-custom-element-name@1.0.1 OK for: jsdom@28.1.0 want: ^1.0.1
250 silly placeDep ROOT parse5@8.0.0 OK for: jsdom@28.1.0 want: ^8.0.0
251 silly placeDep ROOT saxes@6.0.0 OK for: jsdom@28.1.0 want: ^6.0.0
252 silly placeDep ROOT symbol-tree@3.2.4 OK for: jsdom@28.1.0 want: ^3.2.4
253 silly placeDep ROOT tough-cookie@6.0.0 OK for: jsdom@28.1.0 want: ^6.0.0
254 silly placeDep ROOT undici@7.22.0 OK for: jsdom@28.1.0 want: ^7.21.0
255 silly placeDep ROOT w3c-xmlserializer@5.0.0 OK for: jsdom@28.1.0 want: ^5.0.0
256 silly placeDep ROOT webidl-conversions@8.0.1 OK for: jsdom@28.1.0 want: ^8.0.1
257 silly placeDep ROOT whatwg-mimetype@5.0.0 OK for: jsdom@28.1.0 want: ^5.0.0
258 silly placeDep ROOT whatwg-url@16.0.1 OK for: jsdom@28.1.0 want: ^16.0.0
259 silly placeDep ROOT xml-name-validator@5.0.0 OK for: jsdom@28.1.0 want: ^5.0.0
260 silly fetch manifest @asamuzakjp/nwsapi@^2.3.9
261 silly packumentCache full:https://registry.npmjs.org/@asamuzakjp%2fnwsapi cache-miss
262 silly fetch manifest bidi-js@^1.0.3
263 silly packumentCache full:https://registry.npmjs.org/bidi-js cache-miss
264 silly fetch manifest css-tree@^3.1.0
265 silly packumentCache full:https://registry.npmjs.org/css-tree cache-miss
266 silly fetch manifest lru-cache@^11.2.6
267 silly packumentCache full:https://registry.npmjs.org/lru-cache cache-miss
268 silly fetch manifest css-tree@^3.0.0
269 silly packumentCache full:https://registry.npmjs.org/css-tree cache-miss
270 silly fetch manifest @asamuzakjp/css-color@^4.1.2
271 silly packumentCache full:https://registry.npmjs.org/@asamuzakjp%2fcss-color cache-miss
272 silly fetch manifest @csstools/css-syntax-patches-for-csstree@^1.0.26
273 silly packumentCache full:https://registry.npmjs.org/@csstools%2fcss-syntax-patches-for-csstree cache-miss
274 http fetch GET 200 https://registry.npmjs.org/bidi-js 33ms (cache revalidated)
275 silly packumentCache full:https://registry.npmjs.org/bidi-js set size:17389 disposed:false
276 silly fetch manifest css-tree@^3.1.0
277 silly packumentCache full:https://registry.npmjs.org/css-tree cache-miss
278 http fetch GET 200 https://registry.npmjs.org/css-tree 35ms (cache revalidated)
279 silly packumentCache full:https://registry.npmjs.org/css-tree set size:221018 disposed:false
280 silly fetch manifest lru-cache@^11.2.5
281 silly packumentCache full:https://registry.npmjs.org/lru-cache cache-miss
282 http fetch GET 200 https://registry.npmjs.org/lru-cache 36ms (cache revalidated)
283 silly packumentCache full:https://registry.npmjs.org/lru-cache set size:413591 disposed:false
284 silly fetch manifest agent-base@^7.1.0
285 silly packumentCache full:https://registry.npmjs.org/agent-base cache-miss
286 http cache https://registry.npmjs.org/css-tree 5ms (cache hit)
287 silly packumentCache full:https://registry.npmjs.org/css-tree set size:221018 disposed:false
288 silly packumentCache full:https://registry.npmjs.org/css-tree dispose
289 silly fetch manifest debug@^4.3.4
290 silly packumentCache full:https://registry.npmjs.org/debug cache-miss
291 http cache https://registry.npmjs.org/lru-cache 5ms (cache hit)
292 silly packumentCache full:https://registry.npmjs.org/lru-cache set size:413591 disposed:false
293 silly packumentCache full:https://registry.npmjs.org/lru-cache dispose
294 silly fetch manifest debug@4
295 silly packumentCache full:https://registry.npmjs.org/debug cache-miss
296 http fetch GET 200 https://registry.npmjs.org/@csstools%2fcss-syntax-patches-for-csstree 50ms (cache revalidated)
297 silly packumentCache full:https://registry.npmjs.org/@csstools%2fcss-syntax-patches-for-csstree set size:63031 disposed:false
298 silly fetch manifest agent-base@^7.1.2
299 silly packumentCache full:https://registry.npmjs.org/agent-base cache-miss
300 http fetch GET 200 https://registry.npmjs.org/css-tree 60ms (cache revalidated)
301 silly packumentCache full:https://registry.npmjs.org/css-tree set size:221018 disposed:true
302 silly packumentCache full:https://registry.npmjs.org/css-tree dispose
303 silly fetch manifest entities@^6.0.0
304 silly packumentCache full:https://registry.npmjs.org/entities cache-miss
305 http fetch GET 200 https://registry.npmjs.org/agent-base 25ms (cache revalidated)
306 silly packumentCache full:https://registry.npmjs.org/agent-base set size:67460 disposed:false
307 silly fetch manifest xmlchars@^2.2.0
308 silly packumentCache full:https://registry.npmjs.org/xmlchars cache-miss
309 http fetch GET 200 https://registry.npmjs.org/debug 29ms (cache revalidated)
310 silly packumentCache full:https://registry.npmjs.org/debug set size:195840 disposed:false
311 silly fetch manifest tldts@^7.0.5
312 silly packumentCache full:https://registry.npmjs.org/tldts cache-miss
313 http fetch GET 200 https://registry.npmjs.org/debug 36ms (cache revalidated)
314 silly packumentCache full:https://registry.npmjs.org/debug set size:195840 disposed:false
315 silly packumentCache full:https://registry.npmjs.org/debug dispose
316 silly fetch manifest tr46@^6.0.0
317 silly packumentCache full:https://registry.npmjs.org/tr46 cache-miss
318 http fetch GET 200 https://registry.npmjs.org/@asamuzakjp%2fcss-color 76ms (cache revalidated)
319 silly packumentCache full:https://registry.npmjs.org/@asamuzakjp%2fcss-color set size:166537 disposed:false
320 http fetch GET 200 https://registry.npmjs.org/agent-base 28ms (cache revalidated)
321 silly packumentCache full:https://registry.npmjs.org/agent-base set size:67460 disposed:false
322 silly packumentCache full:https://registry.npmjs.org/agent-base dispose
323 http fetch GET 200 https://registry.npmjs.org/@asamuzakjp%2fnwsapi 80ms (cache revalidated)
324 silly packumentCache full:https://registry.npmjs.org/@asamuzakjp%2fnwsapi set size:61198 disposed:false
325 http fetch GET 200 https://registry.npmjs.org/xmlchars 29ms (cache revalidated)
326 silly packumentCache full:https://registry.npmjs.org/xmlchars set size:33578 disposed:false
327 http fetch GET 200 https://registry.npmjs.org/entities 33ms (cache revalidated)
328 silly packumentCache full:https://registry.npmjs.org/entities set size:99038 disposed:false
329 http fetch GET 200 https://registry.npmjs.org/tldts 38ms (cache revalidated)
330 silly packumentCache full:https://registry.npmjs.org/tldts set size:3377494 disposed:false
331 http fetch GET 200 https://registry.npmjs.org/tr46 48ms (cache revalidated)
332 silly packumentCache full:https://registry.npmjs.org/tr46 set size:47377 disposed:false
333 silly placeDep ROOT @asamuzakjp/nwsapi@2.3.9 OK for: @asamuzakjp/dom-selector@6.8.1 want: ^2.3.9
334 silly placeDep ROOT bidi-js@1.0.3 OK for: @asamuzakjp/dom-selector@6.8.1 want: ^1.0.3
335 silly placeDep ROOT css-tree@3.1.0 OK for: @asamuzakjp/dom-selector@6.8.1 want: ^3.1.0
336 silly placeDep ROOT lru-cache@11.2.6 OK for: @asamuzakjp/dom-selector@6.8.1 want: ^11.2.6
337 silly fetch manifest require-from-string@^2.0.2
338 silly packumentCache full:https://registry.npmjs.org/require-from-string cache-miss
339 silly fetch manifest mdn-data@2.12.2
340 silly packumentCache full:https://registry.npmjs.org/mdn-data cache-miss
341 http fetch GET 200 https://registry.npmjs.org/mdn-data 34ms (cache revalidated)
342 silly packumentCache full:https://registry.npmjs.org/mdn-data set size:172326 disposed:false
343 http fetch GET 200 https://registry.npmjs.org/require-from-string 38ms (cache miss)
344 silly packumentCache full:https://registry.npmjs.org/require-from-string set size:undefined disposed:false
345 silly placeDep ROOT require-from-string@2.0.2 OK for: bidi-js@1.0.3 want: ^2.0.2
346 silly placeDep ROOT mdn-data@2.12.2 OK for: css-tree@3.1.0 want: 2.12.2
347 silly placeDep ROOT @asamuzakjp/css-color@4.1.2 OK for: cssstyle@6.0.1 want: ^4.1.2
348 silly placeDep ROOT @csstools/css-syntax-patches-for-csstree@1.0.28 OK for: cssstyle@6.0.1 want: ^1.0.26
349 silly fetch manifest @csstools/css-calc@^3.0.0
350 silly packumentCache full:https://registry.npmjs.org/@csstools%2fcss-calc cache-miss
351 silly fetch manifest @csstools/css-color-parser@^4.0.1
352 silly packumentCache full:https://registry.npmjs.org/@csstools%2fcss-color-parser cache-miss
353 silly fetch manifest @csstools/css-parser-algorithms@^4.0.0
354 silly packumentCache full:https://registry.npmjs.org/@csstools%2fcss-parser-algorithms cache-miss
355 silly fetch manifest @csstools/css-tokenizer@^4.0.0
356 silly packumentCache full:https://registry.npmjs.org/@csstools%2fcss-tokenizer cache-miss
357 http fetch GET 200 https://registry.npmjs.org/@csstools%2fcss-tokenizer 46ms (cache revalidated)
358 silly packumentCache full:https://registry.npmjs.org/@csstools%2fcss-tokenizer set size:61164 disposed:false
359 http fetch GET 200 https://registry.npmjs.org/@csstools%2fcss-color-parser 49ms (cache revalidated)
360 silly packumentCache full:https://registry.npmjs.org/@csstools%2fcss-color-parser set size:103285 disposed:false
361 http fetch GET 200 https://registry.npmjs.org/@csstools%2fcss-parser-algorithms 74ms (cache revalidated)
362 silly packumentCache full:https://registry.npmjs.org/@csstools%2fcss-parser-algorithms set size:66140 disposed:false
363 http fetch GET 200 https://registry.npmjs.org/@csstools%2fcss-calc 135ms (cache revalidated)
364 silly packumentCache full:https://registry.npmjs.org/@csstools%2fcss-calc set size:72277 disposed:false
365 silly placeDep ROOT @csstools/css-calc@3.1.1 OK for: @asamuzakjp/css-color@4.1.2 want: ^3.0.0
366 silly placeDep ROOT @csstools/css-parser-algorithms@4.0.0 OK for: @csstools/css-calc@3.1.1 want: ^4.0.0
367 silly placeDep ROOT @csstools/css-tokenizer@4.0.0 OK for: @csstools/css-parser-algorithms@4.0.0 want: ^4.0.0
368 silly placeDep ROOT @csstools/css-color-parser@4.0.2 OK for: @asamuzakjp/css-color@4.1.2 want: ^4.0.1
369 silly fetch manifest @csstools/color-helpers@^6.0.2
370 silly packumentCache full:https://registry.npmjs.org/@csstools%2fcolor-helpers cache-miss
371 http fetch GET 200 https://registry.npmjs.org/@csstools%2fcolor-helpers 50ms (cache revalidated)
372 silly packumentCache full:https://registry.npmjs.org/@csstools%2fcolor-helpers set size:42946 disposed:false
373 silly placeDep ROOT @csstools/color-helpers@6.0.2 OK for: @csstools/css-color-parser@4.0.2 want: ^6.0.2
374 silly placeDep ROOT agent-base@7.1.4 OK for: http-proxy-agent@7.0.2 want: ^7.1.0
375 silly placeDep ROOT debug@4.4.3 OK for: http-proxy-agent@7.0.2 want: ^4.3.4
376 silly fetch manifest ms@^2.1.3
377 silly packumentCache full:https://registry.npmjs.org/ms cache-miss
378 http fetch GET 200 https://registry.npmjs.org/ms 35ms (cache revalidated)
379 silly packumentCache full:https://registry.npmjs.org/ms set size:92208 disposed:false
380 silly placeDep ROOT ms@2.1.3 OK for: debug@4.4.3 want: ^2.1.3
381 silly placeDep ROOT entities@6.0.1 OK for: parse5@8.0.0 want: ^6.0.0
382 silly placeDep node_modules/playwright fsevents@2.3.2 OK for: playwright@1.58.2 want: 2.3.2
383 silly placeDep ROOT playwright-core@1.58.2 OK for: playwright@1.58.2 want: 1.58.2
384 silly placeDep ROOT xmlchars@2.2.0 OK for: saxes@6.0.0 want: ^2.2.0
385 silly placeDep ROOT tldts@7.0.23 OK for: tough-cookie@6.0.0 want: ^7.0.5
386 silly fetch manifest tldts-core@^7.0.23
387 silly packumentCache full:https://registry.npmjs.org/tldts-core cache-miss
388 http fetch GET 200 https://registry.npmjs.org/tldts-core 46ms (cache revalidated)
389 silly packumentCache full:https://registry.npmjs.org/tldts-core set size:3021560 disposed:false
390 silly placeDep ROOT tldts-core@7.0.23 OK for: tldts@7.0.23 want: ^7.0.23
391 silly fetch manifest msw@^2.4.9
392 silly packumentCache full:https://registry.npmjs.org/msw cache-miss
393 http fetch GET 200 https://registry.npmjs.org/msw 44ms (cache miss)
394 silly packumentCache full:https://registry.npmjs.org/msw set size:undefined disposed:false
395 silly fetch manifest typescript@>= 4.8.x
396 silly packumentCache full:https://registry.npmjs.org/typescript cache-miss
397 http fetch GET 200 https://registry.npmjs.org/typescript 52ms (cache revalidated)
398 silly packumentCache full:https://registry.npmjs.org/typescript set size:15272640 disposed:false
399 silly fetch manifest vite@^6.0.0 || ^7.0.0
400 silly packumentCache full:https://registry.npmjs.org/vite cache-miss
401 http fetch GET 200 https://registry.npmjs.org/vite 96ms (cache revalidated)
402 silly packumentCache full:https://registry.npmjs.org/vite set size:38728544 disposed:false
403 silly fetch manifest jiti@>=1.21.0
404 silly packumentCache full:https://registry.npmjs.org/jiti cache-miss
405 http fetch GET 200 https://registry.npmjs.org/jiti 46ms (cache revalidated)
406 silly packumentCache full:https://registry.npmjs.org/jiti set size:382310 disposed:false
407 silly fetch manifest less@^4.0.0
408 silly packumentCache full:https://registry.npmjs.org/less cache-miss
409 http fetch GET 200 https://registry.npmjs.org/less 38ms (cache revalidated)
410 silly packumentCache full:https://registry.npmjs.org/less set size:430648 disposed:false
411 silly fetch manifest lightningcss@^1.21.0
412 silly packumentCache full:https://registry.npmjs.org/lightningcss cache-miss
413 http fetch GET 200 https://registry.npmjs.org/lightningcss 27ms (cache revalidated)
414 silly packumentCache full:https://registry.npmjs.org/lightningcss set size:182441 disposed:false
415 silly fetch manifest sass@^1.70.0
416 silly packumentCache full:https://registry.npmjs.org/sass cache-miss
417 http fetch GET 200 https://registry.npmjs.org/sass 34ms (cache revalidated)
418 silly packumentCache full:https://registry.npmjs.org/sass set size:722061 disposed:false
419 silly fetch manifest sass-embedded@^1.70.0
420 silly packumentCache full:https://registry.npmjs.org/sass-embedded cache-miss
421 http fetch GET 200 https://registry.npmjs.org/sass-embedded 227ms (cache revalidated)
422 silly packumentCache full:https://registry.npmjs.org/sass-embedded set size:407397 disposed:false
423 silly fetch manifest stylus@>=0.54.8
424 silly packumentCache full:https://registry.npmjs.org/stylus cache-miss
425 http fetch GET 200 https://registry.npmjs.org/stylus 35ms (cache revalidated)
426 silly packumentCache full:https://registry.npmjs.org/stylus set size:286766 disposed:false
427 silly fetch manifest sugarss@^5.0.0
428 silly packumentCache full:https://registry.npmjs.org/sugarss cache-miss
429 http fetch GET 200 https://registry.npmjs.org/sugarss 29ms (cache revalidated)
430 silly packumentCache full:https://registry.npmjs.org/sugarss set size:44975 disposed:false
431 silly fetch manifest postcss@^8.3.3
432 silly packumentCache full:https://registry.npmjs.org/postcss cache-miss
433 http fetch GET 200 https://registry.npmjs.org/postcss 40ms (cache revalidated)
434 silly packumentCache full:https://registry.npmjs.org/postcss set size:696248 disposed:false
435 silly fetch manifest terser@^5.16.0
436 silly packumentCache full:https://registry.npmjs.org/terser cache-miss
437 http fetch GET 200 https://registry.npmjs.org/terser 35ms (cache revalidated)
438 silly packumentCache full:https://registry.npmjs.org/terser set size:786629 disposed:false
439 silly fetch manifest tsx@^4.8.1
440 silly packumentCache full:https://registry.npmjs.org/tsx cache-miss
441 http fetch GET 200 https://registry.npmjs.org/tsx 35ms (cache revalidated)
442 silly packumentCache full:https://registry.npmjs.org/tsx set size:289592 disposed:false
443 silly fetch manifest yaml@^2.4.2
444 silly packumentCache full:https://registry.npmjs.org/yaml cache-miss
445 http fetch GET 200 https://registry.npmjs.org/yaml 32ms (cache revalidated)
446 silly packumentCache full:https://registry.npmjs.org/yaml set size:361552 disposed:false
447 silly placeDep ROOT @vitest/expect@4.0.18 OK for: vitest@4.0.18 want: 4.0.18
448 silly placeDep ROOT @vitest/mocker@4.0.18 OK for: vitest@4.0.18 want: 4.0.18
449 silly placeDep ROOT @vitest/pretty-format@4.0.18 OK for: vitest@4.0.18 want: 4.0.18
450 silly placeDep ROOT @vitest/runner@4.0.18 OK for: vitest@4.0.18 want: 4.0.18
451 silly placeDep ROOT @vitest/snapshot@4.0.18 OK for: vitest@4.0.18 want: 4.0.18
452 silly placeDep ROOT @vitest/spy@4.0.18 OK for: vitest@4.0.18 want: 4.0.18
453 silly placeDep ROOT @vitest/utils@4.0.18 OK for: vitest@4.0.18 want: 4.0.18
454 silly placeDep ROOT es-module-lexer@1.7.0 OK for: vitest@4.0.18 want: ^1.7.0
455 silly placeDep ROOT expect-type@1.3.0 OK for: vitest@4.0.18 want: ^1.2.2
456 silly placeDep ROOT pathe@2.0.3 OK for: vitest@4.0.18 want: ^2.0.3
457 silly placeDep ROOT std-env@3.10.0 OK for: vitest@4.0.18 want: ^3.10.0
458 silly placeDep ROOT tinybench@2.9.0 OK for: vitest@4.0.18 want: ^2.9.0
459 silly placeDep ROOT tinyexec@1.0.2 OK for: vitest@4.0.18 want: ^1.0.2
460 silly placeDep ROOT tinyrainbow@3.0.3 OK for: vitest@4.0.18 want: ^3.0.3
461 silly placeDep ROOT why-is-node-running@2.3.0 OK for: vitest@4.0.18 want: ^2.3.0
462 silly fetch manifest chai@^6.2.1
463 silly packumentCache full:https://registry.npmjs.org/chai cache-miss
464 silly fetch manifest @types/chai@^5.2.2
465 silly packumentCache full:https://registry.npmjs.org/@types%2fchai cache-miss
466 silly fetch manifest estree-walker@^3.0.3
467 silly packumentCache full:https://registry.npmjs.org/estree-walker cache-miss
468 silly fetch manifest siginfo@^2.0.0
469 silly packumentCache full:https://registry.npmjs.org/siginfo cache-miss
470 silly fetch manifest stackback@0.0.2
471 silly packumentCache full:https://registry.npmjs.org/stackback cache-miss
472 http fetch GET 200 https://registry.npmjs.org/estree-walker 37ms (cache miss)
473 silly packumentCache full:https://registry.npmjs.org/estree-walker set size:undefined disposed:false
474 http fetch GET 200 https://registry.npmjs.org/siginfo 40ms (cache miss)
475 silly packumentCache full:https://registry.npmjs.org/siginfo set size:undefined disposed:false
476 http fetch GET 200 https://registry.npmjs.org/@types%2fchai 42ms (cache miss)
477 silly packumentCache full:https://registry.npmjs.org/@types%2fchai set size:undefined disposed:false
478 http fetch GET 200 https://registry.npmjs.org/stackback 42ms (cache miss)
479 silly packumentCache full:https://registry.npmjs.org/stackback set size:undefined disposed:false
480 http fetch GET 200 https://registry.npmjs.org/chai 71ms (cache miss)
481 silly packumentCache full:https://registry.npmjs.org/chai set size:undefined disposed:false
482 silly placeDep ROOT @types/chai@5.2.3 OK for: @vitest/expect@4.0.18 want: ^5.2.2
483 silly placeDep ROOT chai@6.2.2 OK for: @vitest/expect@4.0.18 want: ^6.2.1
484 silly fetch manifest @types/deep-eql@*
485 silly packumentCache full:https://registry.npmjs.org/@types%2fdeep-eql cache-miss
486 silly fetch manifest assertion-error@^2.0.1
487 silly packumentCache full:https://registry.npmjs.org/assertion-error cache-miss
488 http fetch GET 200 https://registry.npmjs.org/assertion-error 35ms (cache miss)
489 silly packumentCache full:https://registry.npmjs.org/assertion-error set size:undefined disposed:false
490 http fetch GET 200 https://registry.npmjs.org/@types%2fdeep-eql 42ms (cache miss)
491 silly packumentCache full:https://registry.npmjs.org/@types%2fdeep-eql set size:undefined disposed:false
492 silly placeDep ROOT @types/deep-eql@4.0.2 OK for: @types/chai@5.2.3 want: *
493 silly placeDep ROOT assertion-error@2.0.1 OK for: @types/chai@5.2.3 want: ^2.0.1
494 silly placeDep ROOT estree-walker@3.0.3 OK for: @vitest/mocker@4.0.18 want: ^3.0.3
495 silly placeDep ROOT tr46@6.0.0 OK for: whatwg-url@16.0.1 want: ^6.0.0
496 silly fetch manifest punycode@^2.3.1
497 silly packumentCache full:https://registry.npmjs.org/punycode cache-miss
498 http fetch GET 200 https://registry.npmjs.org/punycode 27ms (cache miss)
499 silly packumentCache full:https://registry.npmjs.org/punycode set size:undefined disposed:false
500 silly placeDep ROOT punycode@2.3.1 OK for: tr46@6.0.0 want: ^2.3.1
501 silly placeDep ROOT siginfo@2.0.0 OK for: why-is-node-running@2.3.0 want: ^2.0.0
502 silly placeDep ROOT stackback@0.0.2 OK for: why-is-node-running@2.3.0 want: 0.0.2
503 silly reify moves {}
504 silly audit bulk request {
504 silly audit   '@esbuild/aix-ppc64': [ '0.27.3' ],
504 silly audit   '@esbuild/android-arm': [ '0.27.3' ],
504 silly audit   '@esbuild/android-arm64': [ '0.27.3' ],
504 silly audit   '@esbuild/android-x64': [ '0.27.3' ],
504 silly audit   '@esbuild/darwin-arm64': [ '0.27.3' ],
504 silly audit   '@esbuild/darwin-x64': [ '0.27.3' ],
504 silly audit   '@esbuild/freebsd-arm64': [ '0.27.3' ],
504 silly audit   '@esbuild/freebsd-x64': [ '0.27.3' ],
504 silly audit   '@esbuild/linux-arm': [ '0.27.3' ],
504 silly audit   '@esbuild/linux-arm64': [ '0.27.3' ],
504 silly audit   '@esbuild/linux-ia32': [ '0.27.3' ],
504 silly audit   '@esbuild/linux-loong64': [ '0.27.3' ],
504 silly audit   '@esbuild/linux-mips64el': [ '0.27.3' ],
504 silly audit   '@esbuild/linux-ppc64': [ '0.27.3' ],
504 silly audit   '@esbuild/linux-riscv64': [ '0.27.3' ],
504 silly audit   '@esbuild/linux-s390x': [ '0.27.3' ],
504 silly audit   '@esbuild/linux-x64': [ '0.27.3' ],
504 silly audit   '@esbuild/netbsd-arm64': [ '0.27.3' ],
504 silly audit   '@esbuild/netbsd-x64': [ '0.27.3' ],
504 silly audit   '@esbuild/openbsd-arm64': [ '0.27.3' ],
504 silly audit   '@esbuild/openbsd-x64': [ '0.27.3' ],
504 silly audit   '@esbuild/openharmony-arm64': [ '0.27.3' ],
504 silly audit   '@esbuild/sunos-x64': [ '0.27.3' ],
504 silly audit   '@esbuild/win32-arm64': [ '0.27.3' ],
504 silly audit   '@esbuild/win32-ia32': [ '0.27.3' ],
504 silly audit   '@esbuild/win32-x64': [ '0.27.3' ],
504 silly audit   '@jridgewell/gen-mapping': [ '0.3.13' ],
504 silly audit   '@jridgewell/remapping': [ '2.3.5' ],
504 silly audit   '@jridgewell/resolve-uri': [ '3.1.2' ],
504 silly audit   '@jridgewell/sourcemap-codec': [ '1.5.5' ],
504 silly audit   '@jridgewell/trace-mapping': [ '0.3.31' ],
504 silly audit   '@polka/url': [ '1.0.0-next.29' ],
504 silly audit   '@rollup/rollup-android-arm-eabi': [ '4.58.0' ],
504 silly audit   '@rollup/rollup-android-arm64': [ '4.58.0' ],
504 silly audit   '@rollup/rollup-darwin-arm64': [ '4.58.0' ],
504 silly audit   '@rollup/rollup-darwin-x64': [ '4.58.0' ],
504 silly audit   '@rollup/rollup-freebsd-arm64': [ '4.58.0' ],
504 silly audit   '@rollup/rollup-freebsd-x64': [ '4.58.0' ],
504 silly audit   '@rollup/rollup-linux-arm-gnueabihf': [ '4.58.0' ],
504 silly audit   '@rollup/rollup-linux-arm-musleabihf': [ '4.58.0' ],
504 silly audit   '@rollup/rollup-linux-arm64-gnu': [ '4.58.0' ],
504 silly audit   '@rollup/rollup-linux-arm64-musl': [ '4.58.0' ],
504 silly audit   '@rollup/rollup-linux-loong64-gnu': [ '4.58.0' ],
504 silly audit   '@rollup/rollup-linux-loong64-musl': [ '4.58.0' ],
504 silly audit   '@rollup/rollup-linux-ppc64-gnu': [ '4.58.0' ],
504 silly audit   '@rollup/rollup-linux-ppc64-musl': [ '4.58.0' ],
504 silly audit   '@rollup/rollup-linux-riscv64-gnu': [ '4.58.0' ],
504 silly audit   '@rollup/rollup-linux-riscv64-musl': [ '4.58.0' ],
504 silly audit   '@rollup/rollup-linux-s390x-gnu': [ '4.58.0' ],
504 silly audit   '@rollup/rollup-linux-x64-gnu': [ '4.58.0' ],
504 silly audit   '@rollup/rollup-linux-x64-musl': [ '4.58.0' ],
504 silly audit   '@rollup/rollup-openbsd-x64': [ '4.58.0' ],
504 silly audit   '@rollup/rollup-openharmony-arm64': [ '4.58.0' ],
504 silly audit   '@rollup/rollup-win32-arm64-msvc': [ '4.58.0' ],
504 silly audit   '@rollup/rollup-win32-ia32-msvc': [ '4.58.0' ],
504 silly audit   '@rollup/rollup-win32-x64-gnu': [ '4.58.0' ],
504 silly audit   '@rollup/rollup-win32-x64-msvc': [ '4.58.0' ],
504 silly audit   '@standard-schema/spec': [ '1.1.0' ],
504 silly audit   '@stripe/stripe-js': [ '8.8.0' ],
504 silly audit   '@sveltejs/acorn-typescript': [ '1.0.9' ],
504 silly audit   '@sveltejs/adapter-auto': [ '7.0.1' ],
504 silly audit   '@sveltejs/kit': [ '2.53.0' ],
504 silly audit   '@sveltejs/vite-plugin-svelte': [ '6.2.4' ],
504 silly audit   '@sveltejs/vite-plugin-svelte-inspector': [ '5.0.2' ],
504 silly audit   '@tailwindcss/node': [ '4.2.0' ],
504 silly audit   '@tailwindcss/oxide': [ '4.2.0' ],
504 silly audit   '@tailwindcss/oxide-android-arm64': [ '4.2.0' ],
504 silly audit   '@tailwindcss/oxide-darwin-arm64': [ '4.2.0' ],
504 silly audit   '@tailwindcss/oxide-darwin-x64': [ '4.2.0' ],
504 silly audit   '@tailwindcss/oxide-freebsd-x64': [ '4.2.0' ],
504 silly audit   '@tailwindcss/oxide-linux-arm-gnueabihf': [ '4.2.0' ],
504 silly audit   '@tailwindcss/oxide-linux-arm64-gnu': [ '4.2.0' ],
504 silly audit   '@tailwindcss/oxide-linux-arm64-musl': [ '4.2.0' ],
504 silly audit   '@tailwindcss/oxide-linux-x64-gnu': [ '4.2.0' ],
504 silly audit   '@tailwindcss/oxide-linux-x64-musl': [ '4.2.0' ],
504 silly audit   '@tailwindcss/oxide-wasm32-wasi': [ '4.2.0' ],
504 silly audit   '@tailwindcss/oxide-win32-arm64-msvc': [ '4.2.0' ],
504 silly audit   '@tailwindcss/oxide-win32-x64-msvc': [ '4.2.0' ],
504 silly audit   '@tailwindcss/vite': [ '4.2.0' ],
504 silly audit   '@types/cookie': [ '0.6.0' ],
504 silly audit   '@types/estree': [ '1.0.8' ],
504 silly audit   '@types/trusted-types': [ '2.0.7' ],
504 silly audit   acorn: [ '8.16.0' ],
504 silly audit   'aria-query': [ '5.3.2' ],
504 silly audit   'axobject-query': [ '4.1.0' ],
504 silly audit   chokidar: [ '4.0.3' ],
504 silly audit   clsx: [ '2.1.1' ],
504 silly audit   cookie: [ '0.6.0' ],
504 silly audit   deepmerge: [ '4.3.1' ],
504 silly audit   'detect-libc': [ '2.1.2' ],
504 silly audit   devalue: [ '5.6.3' ],
504 silly audit   'enhanced-resolve': [ '5.19.0' ],
504 silly audit   esbuild: [ '0.27.3' ],
504 silly audit   'esm-env': [ '1.2.2' ],
504 silly audit   esrap: [ '2.2.3' ],
504 silly audit   fdir: [ '6.5.0' ],
504 silly audit   fsevents: [ '2.3.3', '2.3.2' ],
504 silly audit   'graceful-fs': [ '4.2.11' ],
504 silly audit   'is-reference': [ '3.0.3' ],
504 silly audit   jiti: [ '2.6.1' ],
504 silly audit   kleur: [ '4.1.5' ],
504 silly audit   lightningcss: [ '1.31.1' ],
504 silly audit   'lightningcss-android-arm64': [ '1.31.1' ],
504 silly audit   'lightningcss-darwin-arm64': [ '1.31.1' ],
504 silly audit   'lightningcss-darwin-x64': [ '1.31.1' ],
504 silly audit   'lightningcss-freebsd-x64': [ '1.31.1' ],
504 silly audit   'lightningcss-linux-arm-gnueabihf': [ '1.31.1' ],
504 silly audit   'lightningcss-linux-arm64-gnu': [ '1.31.1' ],
504 silly audit   'lightningcss-linux-arm64-musl': [ '1.31.1' ],
504 silly audit   'lightningcss-linux-x64-gnu': [ '1.31.1' ],
504 silly audit   'lightningcss-linux-x64-musl': [ '1.31.1' ],
504 silly audit   'lightningcss-win32-arm64-msvc': [ '1.31.1' ],
504 silly audit   'lightningcss-win32-x64-msvc': [ '1.31.1' ],
504 silly audit   'locate-character': [ '3.0.0' ],
504 silly audit   'magic-string': [ '0.30.21' ],
504 silly audit   mri: [ '1.2.0' ],
504 silly audit   mrmime: [ '2.0.1' ],
504 silly audit   nanoid: [ '3.3.11' ],
504 silly audit   obug: [ '2.1.1' ],
504 silly audit   picocolors: [ '1.1.1' ],
504 silly audit   picomatch: [ '4.0.3' ],
504 silly audit   postcss: [ '8.5.6' ],
504 silly audit   readdirp: [ '4.1.2' ],
504 silly audit   remixicon: [ '4.9.1' ],
504 silly audit   rollup: [ '4.58.0' ],
504 silly audit   sade: [ '1.8.1' ],
504 silly audit   'set-cookie-parser': [ '3.0.1' ],
504 silly audit   sirv: [ '3.0.2' ],
504 silly audit   'source-map-js': [ '1.2.1' ],
504 silly audit   stripe: [ '20.3.1' ],
504 silly audit   svelte: [ '5.53.0' ],
504 silly audit   'svelte-check': [ '4.4.3' ],
504 silly audit   tailwindcss: [ '4.2.0' ],
504 silly audit   tapable: [ '2.3.0' ],
504 silly audit   tinyglobby: [ '0.2.15' ],
504 silly audit   totalist: [ '3.0.1' ],
504 silly audit   typescript: [ '5.9.3' ],
504 silly audit   vite: [ '7.3.1' ],
504 silly audit   vitefu: [ '1.1.1' ],
504 silly audit   zimmerframe: [ '1.1.4' ],
504 silly audit   zod: [ '4.3.6' ],
504 silly audit   '@playwright/test': [ '1.58.2' ],
504 silly audit   jsdom: [ '28.1.0' ],
504 silly audit   vitest: [ '4.0.18' ],
504 silly audit   playwright: [ '1.58.2' ],
504 silly audit   '@acemir/cssom': [ '0.9.31' ],
504 silly audit   '@asamuzakjp/dom-selector': [ '6.8.1' ],
504 silly audit   '@bramus/specificity': [ '2.4.2' ],
504 silly audit   '@exodus/bytes': [ '1.14.1' ],
504 silly audit   cssstyle: [ '6.0.1' ],
504 silly audit   'data-urls': [ '7.0.0' ],
504 silly audit   'decimal.js': [ '10.6.0' ],
504 silly audit   'html-encoding-sniffer': [ '6.0.0' ],
504 silly audit   'http-proxy-agent': [ '7.0.2' ],
504 silly audit   'https-proxy-agent': [ '7.0.6' ],
504 silly audit   'is-potential-custom-element-name': [ '1.0.1' ],
504 silly audit   parse5: [ '8.0.0' ],
504 silly audit   saxes: [ '6.0.0' ],
504 silly audit   'symbol-tree': [ '3.2.4' ],
504 silly audit   'tough-cookie': [ '6.0.0' ],
504 silly audit   undici: [ '7.22.0' ],
504 silly audit   'w3c-xmlserializer': [ '5.0.0' ],
504 silly audit   'webidl-conversions': [ '8.0.1' ],
504 silly audit   'whatwg-mimetype': [ '5.0.0' ],
504 silly audit   'whatwg-url': [ '16.0.1' ],
504 silly audit   'xml-name-validator': [ '5.0.0' ],
504 silly audit   '@asamuzakjp/nwsapi': [ '2.3.9' ],
504 silly audit   'bidi-js': [ '1.0.3' ],
504 silly audit   'css-tree': [ '3.1.0' ],
504 silly audit   'lru-cache': [ '11.2.6' ],
504 silly audit   'require-from-string': [ '2.0.2' ],
504 silly audit   'mdn-data': [ '2.12.2' ],
504 silly audit   '@asamuzakjp/css-color': [ '4.1.2' ],
504 silly audit   '@csstools/css-syntax-patches-for-csstree': [ '1.0.28' ],
504 silly audit   '@csstools/css-calc': [ '3.1.1' ],
504 silly audit   '@csstools/css-parser-algorithms': [ '4.0.0' ],
504 silly audit   '@csstools/css-tokenizer': [ '4.0.0' ],
504 silly audit   '@csstools/css-color-parser': [ '4.0.2' ],
504 silly audit   '@csstools/color-helpers': [ '6.0.2' ],
504 silly audit   'agent-base': [ '7.1.4' ],
504 silly audit   debug: [ '4.4.3' ],
504 silly audit   ms: [ '2.1.3' ],
504 silly audit   entities: [ '6.0.1' ],
504 silly audit   'playwright-core': [ '1.58.2' ],
504 silly audit   xmlchars: [ '2.2.0' ],
504 silly audit   tldts: [ '7.0.23' ],
504 silly audit   'tldts-core': [ '7.0.23' ],
504 silly audit   '@vitest/expect': [ '4.0.18' ],
504 silly audit   '@vitest/mocker': [ '4.0.18' ],
504 silly audit   '@vitest/pretty-format': [ '4.0.18' ],
504 silly audit   '@vitest/runner': [ '4.0.18' ],
504 silly audit   '@vitest/snapshot': [ '4.0.18' ],
504 silly audit   '@vitest/spy': [ '4.0.18' ],
504 silly audit   '@vitest/utils': [ '4.0.18' ],
504 silly audit   'es-module-lexer': [ '1.7.0' ],
504 silly audit   'expect-type': [ '1.3.0' ],
504 silly audit   pathe: [ '2.0.3' ],
504 silly audit   'std-env': [ '3.10.0' ],
504 silly audit   tinybench: [ '2.9.0' ],
504 silly audit   tinyexec: [ '1.0.2' ],
504 silly audit   tinyrainbow: [ '3.0.3' ],
504 silly audit   'why-is-node-running': [ '2.3.0' ],
504 silly audit   '@types/chai': [ '5.2.3' ],
504 silly audit   chai: [ '6.2.2' ],
504 silly audit   '@types/deep-eql': [ '4.0.2' ],
504 silly audit   'assertion-error': [ '2.0.1' ],
504 silly audit   'estree-walker': [ '3.0.3' ],
504 silly audit   tr46: [ '6.0.0' ],
504 silly audit   punycode: [ '2.3.1' ],
504 silly audit   siginfo: [ '2.0.0' ],
504 silly audit   stackback: [ '0.0.2' ]
504 silly audit }
505 http cache stackback@https://registry.npmjs.org/stackback/-/stackback-0.0.2.tgz 0ms (cache hit)
506 http cache siginfo@https://registry.npmjs.org/siginfo/-/siginfo-2.0.0.tgz 0ms (cache hit)
507 http cache punycode@https://registry.npmjs.org/punycode/-/punycode-2.3.1.tgz 0ms (cache hit)
508 http cache tr46@https://registry.npmjs.org/tr46/-/tr46-6.0.0.tgz 0ms (cache hit)
509 http cache estree-walker@https://registry.npmjs.org/estree-walker/-/estree-walker-3.0.3.tgz 0ms (cache hit)
510 http cache assertion-error@https://registry.npmjs.org/assertion-error/-/assertion-error-2.0.1.tgz 0ms (cache hit)
511 http cache @types/deep-eql@https://registry.npmjs.org/@types/deep-eql/-/deep-eql-4.0.2.tgz 0ms (cache hit)
512 http cache chai@https://registry.npmjs.org/chai/-/chai-6.2.2.tgz 0ms (cache hit)
513 http cache why-is-node-running@https://registry.npmjs.org/why-is-node-running/-/why-is-node-running-2.3.0.tgz 0ms (cache hit)
514 http cache @types/chai@https://registry.npmjs.org/@types/chai/-/chai-5.2.3.tgz 0ms (cache hit)
515 http cache tinyexec@https://registry.npmjs.org/tinyexec/-/tinyexec-1.0.2.tgz 0ms (cache hit)
516 http cache tinyrainbow@https://registry.npmjs.org/tinyrainbow/-/tinyrainbow-3.0.3.tgz 0ms (cache hit)
517 http cache std-env@https://registry.npmjs.org/std-env/-/std-env-3.10.0.tgz 0ms (cache hit)
518 http cache expect-type@https://registry.npmjs.org/expect-type/-/expect-type-1.3.0.tgz 0ms (cache hit)
519 http cache es-module-lexer@https://registry.npmjs.org/es-module-lexer/-/es-module-lexer-1.7.0.tgz 0ms (cache hit)
520 http cache pathe@https://registry.npmjs.org/pathe/-/pathe-2.0.3.tgz 0ms (cache hit)
521 http cache @vitest/utils@https://registry.npmjs.org/@vitest/utils/-/utils-4.0.18.tgz 0ms (cache hit)
522 http cache @vitest/spy@https://registry.npmjs.org/@vitest/spy/-/spy-4.0.18.tgz 0ms (cache hit)
523 http cache @vitest/runner@https://registry.npmjs.org/@vitest/runner/-/runner-4.0.18.tgz 0ms (cache hit)
524 http cache @vitest/pretty-format@https://registry.npmjs.org/@vitest/pretty-format/-/pretty-format-4.0.18.tgz 0ms (cache hit)
525 http cache @vitest/snapshot@https://registry.npmjs.org/@vitest/snapshot/-/snapshot-4.0.18.tgz 0ms (cache hit)
526 http cache tinybench@https://registry.npmjs.org/tinybench/-/tinybench-2.9.0.tgz 0ms (cache hit)
527 http cache @vitest/expect@https://registry.npmjs.org/@vitest/expect/-/expect-4.0.18.tgz 0ms (cache hit)
528 http cache tldts@https://registry.npmjs.org/tldts/-/tldts-7.0.23.tgz 0ms (cache hit)
529 http cache xmlchars@https://registry.npmjs.org/xmlchars/-/xmlchars-2.2.0.tgz 0ms (cache hit)
530 http cache tldts-core@https://registry.npmjs.org/tldts-core/-/tldts-core-7.0.23.tgz 0ms (cache hit)
531 http cache playwright-core@https://registry.npmjs.org/playwright-core/-/playwright-core-1.58.2.tgz 0ms (cache hit)
532 http cache entities@https://registry.npmjs.org/entities/-/entities-6.0.1.tgz 0ms (cache hit)
533 http cache ms@https://registry.npmjs.org/ms/-/ms-2.1.3.tgz 0ms (cache hit)
534 http cache @vitest/mocker@https://registry.npmjs.org/@vitest/mocker/-/mocker-4.0.18.tgz 0ms (cache hit)
535 http cache debug@https://registry.npmjs.org/debug/-/debug-4.4.3.tgz 0ms (cache hit)
536 http cache @csstools/color-helpers@https://registry.npmjs.org/@csstools/color-helpers/-/color-helpers-6.0.2.tgz 0ms (cache hit)
537 http cache @csstools/css-color-parser@https://registry.npmjs.org/@csstools/css-color-parser/-/css-color-parser-4.0.2.tgz 0ms (cache hit)
538 http cache agent-base@https://registry.npmjs.org/agent-base/-/agent-base-7.1.4.tgz 0ms (cache hit)
539 http cache @csstools/css-tokenizer@https://registry.npmjs.org/@csstools/css-tokenizer/-/css-tokenizer-4.0.0.tgz 0ms (cache hit)
540 http cache @csstools/css-calc@https://registry.npmjs.org/@csstools/css-calc/-/css-calc-3.1.1.tgz 0ms (cache hit)
541 http cache @csstools/css-syntax-patches-for-csstree@https://registry.npmjs.org/@csstools/css-syntax-patches-for-csstree/-/css-syntax-patches-for-csstree-1.0.28.tgz 0ms (cache hit)
542 http cache @csstools/css-parser-algorithms@https://registry.npmjs.org/@csstools/css-parser-algorithms/-/css-parser-algorithms-4.0.0.tgz 0ms (cache hit)
543 http cache @asamuzakjp/css-color@https://registry.npmjs.org/@asamuzakjp/css-color/-/css-color-4.1.2.tgz 0ms (cache hit)
544 http cache require-from-string@https://registry.npmjs.org/require-from-string/-/require-from-string-2.0.2.tgz 0ms (cache hit)
545 http cache mdn-data@https://registry.npmjs.org/mdn-data/-/mdn-data-2.12.2.tgz 0ms (cache hit)
546 http cache css-tree@https://registry.npmjs.org/css-tree/-/css-tree-3.1.0.tgz 0ms (cache hit)
547 http cache xml-name-validator@https://registry.npmjs.org/xml-name-validator/-/xml-name-validator-5.0.0.tgz 0ms (cache hit)
548 http cache bidi-js@https://registry.npmjs.org/bidi-js/-/bidi-js-1.0.3.tgz 0ms (cache hit)
549 http cache @asamuzakjp/nwsapi@https://registry.npmjs.org/@asamuzakjp/nwsapi/-/nwsapi-2.3.9.tgz 0ms (cache hit)
550 http cache whatwg-mimetype@https://registry.npmjs.org/whatwg-mimetype/-/whatwg-mimetype-5.0.0.tgz 0ms (cache hit)
551 http cache webidl-conversions@https://registry.npmjs.org/webidl-conversions/-/webidl-conversions-8.0.1.tgz 0ms (cache hit)
552 http cache w3c-xmlserializer@https://registry.npmjs.org/w3c-xmlserializer/-/w3c-xmlserializer-5.0.0.tgz 0ms (cache hit)
553 http cache undici@https://registry.npmjs.org/undici/-/undici-7.22.0.tgz 0ms (cache hit)
554 http cache symbol-tree@https://registry.npmjs.org/symbol-tree/-/symbol-tree-3.2.4.tgz 0ms (cache hit)
555 http cache saxes@https://registry.npmjs.org/saxes/-/saxes-6.0.0.tgz 0ms (cache hit)
556 http cache tough-cookie@https://registry.npmjs.org/tough-cookie/-/tough-cookie-6.0.0.tgz 0ms (cache hit)
557 http cache parse5@https://registry.npmjs.org/parse5/-/parse5-8.0.0.tgz 0ms (cache hit)
558 http cache whatwg-url@https://registry.npmjs.org/whatwg-url/-/whatwg-url-16.0.1.tgz 0ms (cache hit)
559 http cache http-proxy-agent@https://registry.npmjs.org/http-proxy-agent/-/http-proxy-agent-7.0.2.tgz 0ms (cache hit)
560 http cache https-proxy-agent@https://registry.npmjs.org/https-proxy-agent/-/https-proxy-agent-7.0.6.tgz 0ms (cache hit)
561 http cache html-encoding-sniffer@https://registry.npmjs.org/html-encoding-sniffer/-/html-encoding-sniffer-6.0.0.tgz 0ms (cache hit)
562 http cache is-potential-custom-element-name@https://registry.npmjs.org/is-potential-custom-element-name/-/is-potential-custom-element-name-1.0.1.tgz 0ms (cache hit)
563 http cache decimal.js@https://registry.npmjs.org/decimal.js/-/decimal.js-10.6.0.tgz 0ms (cache hit)
564 http cache data-urls@https://registry.npmjs.org/data-urls/-/data-urls-7.0.0.tgz 0ms (cache hit)
565 http cache @exodus/bytes@https://registry.npmjs.org/@exodus/bytes/-/bytes-1.14.1.tgz 0ms (cache hit)
566 http cache cssstyle@https://registry.npmjs.org/cssstyle/-/cssstyle-6.0.1.tgz 0ms (cache hit)
567 http cache @asamuzakjp/dom-selector@https://registry.npmjs.org/@asamuzakjp/dom-selector/-/dom-selector-6.8.1.tgz 0ms (cache hit)
568 http cache @acemir/cssom@https://registry.npmjs.org/@acemir/cssom/-/cssom-0.9.31.tgz 0ms (cache hit)
569 http cache vitest@https://registry.npmjs.org/vitest/-/vitest-4.0.18.tgz 0ms (cache hit)
570 http cache jsdom@https://registry.npmjs.org/jsdom/-/jsdom-28.1.0.tgz 0ms (cache hit)
571 http cache @playwright/test@https://registry.npmjs.org/@playwright/test/-/test-1.58.2.tgz 0ms (cache hit)
572 http cache lru-cache@https://registry.npmjs.org/lru-cache/-/lru-cache-11.2.6.tgz 0ms (cache hit)
573 http cache @bramus/specificity@https://registry.npmjs.org/@bramus/specificity/-/specificity-2.4.2.tgz 0ms (cache hit)
574 http cache playwright@https://registry.npmjs.org/playwright/-/playwright-1.58.2.tgz 0ms (cache hit)
575 http cache fsevents@https://registry.npmjs.org/fsevents/-/fsevents-2.3.2.tgz 0ms (cache hit)
576 silly tarball no local data for punycode@https://registry.npmjs.org/punycode/-/punycode-2.3.1.tgz. Extracting by manifest.
577 silly tarball no local data for estree-walker@https://registry.npmjs.org/estree-walker/-/estree-walker-3.0.3.tgz. Extracting by manifest.
578 silly tarball no local data for stackback@https://registry.npmjs.org/stackback/-/stackback-0.0.2.tgz. Extracting by manifest.
579 silly tarball no local data for @types/deep-eql@https://registry.npmjs.org/@types/deep-eql/-/deep-eql-4.0.2.tgz. Extracting by manifest.
580 silly tarball no local data for chai@https://registry.npmjs.org/chai/-/chai-6.2.2.tgz. Extracting by manifest.
581 silly tarball no local data for siginfo@https://registry.npmjs.org/siginfo/-/siginfo-2.0.0.tgz. Extracting by manifest.
582 silly tarball no local data for why-is-node-running@https://registry.npmjs.org/why-is-node-running/-/why-is-node-running-2.3.0.tgz. Extracting by manifest.
583 silly tarball no local data for @types/chai@https://registry.npmjs.org/@types/chai/-/chai-5.2.3.tgz. Extracting by manifest.
584 silly tarball no local data for tinyrainbow@https://registry.npmjs.org/tinyrainbow/-/tinyrainbow-3.0.3.tgz. Extracting by manifest.
585 silly tarball no local data for tinyexec@https://registry.npmjs.org/tinyexec/-/tinyexec-1.0.2.tgz. Extracting by manifest.
586 silly tarball no local data for expect-type@https://registry.npmjs.org/expect-type/-/expect-type-1.3.0.tgz. Extracting by manifest.
587 silly tarball no local data for std-env@https://registry.npmjs.org/std-env/-/std-env-3.10.0.tgz. Extracting by manifest.
588 silly tarball no local data for es-module-lexer@https://registry.npmjs.org/es-module-lexer/-/es-module-lexer-1.7.0.tgz. Extracting by manifest.
589 silly tarball no local data for pathe@https://registry.npmjs.org/pathe/-/pathe-2.0.3.tgz. Extracting by manifest.
590 silly tarball no local data for @vitest/utils@https://registry.npmjs.org/@vitest/utils/-/utils-4.0.18.tgz. Extracting by manifest.
591 silly tarball no local data for @vitest/spy@https://registry.npmjs.org/@vitest/spy/-/spy-4.0.18.tgz. Extracting by manifest.
592 silly tarball no local data for @vitest/runner@https://registry.npmjs.org/@vitest/runner/-/runner-4.0.18.tgz. Extracting by manifest.
593 silly tarball no local data for @vitest/pretty-format@https://registry.npmjs.org/@vitest/pretty-format/-/pretty-format-4.0.18.tgz. Extracting by manifest.
594 silly tarball no local data for assertion-error@https://registry.npmjs.org/assertion-error/-/assertion-error-2.0.1.tgz. Extracting by manifest.
595 silly tarball no local data for tinybench@https://registry.npmjs.org/tinybench/-/tinybench-2.9.0.tgz. Extracting by manifest.
596 silly tarball no local data for @vitest/expect@https://registry.npmjs.org/@vitest/expect/-/expect-4.0.18.tgz. Extracting by manifest.
597 silly tarball no local data for @vitest/snapshot@https://registry.npmjs.org/@vitest/snapshot/-/snapshot-4.0.18.tgz. Extracting by manifest.
598 silly tarball no local data for playwright-core@https://registry.npmjs.org/playwright-core/-/playwright-core-1.58.2.tgz. Extracting by manifest.
599 silly tarball no local data for @vitest/mocker@https://registry.npmjs.org/@vitest/mocker/-/mocker-4.0.18.tgz. Extracting by manifest.
600 silly tarball no local data for require-from-string@https://registry.npmjs.org/require-from-string/-/require-from-string-2.0.2.tgz. Extracting by manifest.
601 silly tarball no local data for vitest@https://registry.npmjs.org/vitest/-/vitest-4.0.18.tgz. Extracting by manifest.
602 silly tarball no local data for @playwright/test@https://registry.npmjs.org/@playwright/test/-/test-1.58.2.tgz. Extracting by manifest.
603 silly tarball no local data for playwright@https://registry.npmjs.org/playwright/-/playwright-1.58.2.tgz. Extracting by manifest.
604 silly tarball no local data for fsevents@https://registry.npmjs.org/fsevents/-/fsevents-2.3.2.tgz. Extracting by manifest.
605 http fetch POST 200 https://registry.npmjs.org/-/npm/v1/security/advisories/bulk 209ms
606 silly audit report {
606 silly audit report   cookie: [
606 silly audit report     {
606 silly audit report       id: 1103907,
606 silly audit report       url: 'https://github.com/advisories/GHSA-pxg6-pf52-xh8x',
606 silly audit report       title: 'cookie accepts cookie name, path, and domain with out of bounds characters',
606 silly audit report       severity: 'low',
606 silly audit report       vulnerable_versions: '<0.7.0',
606 silly audit report       cwe: [Array],
606 silly audit report       cvss: [Object]
606 silly audit report     }
606 silly audit report   ]
606 silly audit report }
607 silly packumentCache corgi:https://registry.npmjs.org/cookie cache-miss
608 http fetch GET 200 https://registry.npmjs.org/stackback/-/stackback-0.0.2.tgz 198ms (cache miss)
609 http fetch GET 200 https://registry.npmjs.org/estree-walker/-/estree-walker-3.0.3.tgz 198ms (cache miss)
610 http fetch GET 200 https://registry.npmjs.org/siginfo/-/siginfo-2.0.0.tgz 197ms (cache miss)
611 http fetch GET 200 https://registry.npmjs.org/punycode/-/punycode-2.3.1.tgz 198ms (cache miss)
612 http fetch GET 200 https://registry.npmjs.org/@types/deep-eql/-/deep-eql-4.0.2.tgz 200ms (cache miss)
613 http fetch GET 200 https://registry.npmjs.org/tinyexec/-/tinyexec-1.0.2.tgz 208ms (cache miss)
614 http fetch GET 200 https://registry.npmjs.org/assertion-error/-/assertion-error-2.0.1.tgz 208ms (cache miss)
615 http fetch GET 200 https://registry.npmjs.org/chai/-/chai-6.2.2.tgz 218ms (cache miss)
616 http fetch GET 200 https://registry.npmjs.org/why-is-node-running/-/why-is-node-running-2.3.0.tgz 226ms (cache miss)
617 http fetch GET 200 https://registry.npmjs.org/tinybench/-/tinybench-2.9.0.tgz 223ms (cache miss)
618 http fetch GET 200 https://registry.npmjs.org/tinyrainbow/-/tinyrainbow-3.0.3.tgz 234ms (cache miss)
619 http fetch GET 200 https://registry.npmjs.org/require-from-string/-/require-from-string-2.0.2.tgz 247ms (cache miss)
620 http fetch GET 200 https://registry.npmjs.org/@vitest/expect/-/expect-4.0.18.tgz 249ms (cache miss)
621 http fetch GET 200 https://registry.npmjs.org/@types/chai/-/chai-5.2.3.tgz 254ms (cache miss)
622 http fetch GET 200 https://registry.npmjs.org/std-env/-/std-env-3.10.0.tgz 257ms (cache miss)
623 http fetch GET 200 https://registry.npmjs.org/@vitest/snapshot/-/snapshot-4.0.18.tgz 269ms (cache miss)
624 http fetch GET 200 https://registry.npmjs.org/cookie 83ms (cache miss)
625 silly packumentCache corgi:https://registry.npmjs.org/cookie set size:undefined disposed:false
626 http fetch GET 200 https://registry.npmjs.org/es-module-lexer/-/es-module-lexer-1.7.0.tgz 290ms (cache miss)
627 http fetch GET 200 https://registry.npmjs.org/fsevents/-/fsevents-2.3.2.tgz 279ms (cache miss)
628 silly packumentCache corgi:https://registry.npmjs.org/@sveltejs%2fkit cache-miss
629 http fetch GET 200 https://registry.npmjs.org/@vitest/runner/-/runner-4.0.18.tgz 298ms (cache miss)
630 http fetch GET 200 https://registry.npmjs.org/pathe/-/pathe-2.0.3.tgz 300ms (cache miss)
631 http fetch GET 200 https://registry.npmjs.org/expect-type/-/expect-type-1.3.0.tgz 305ms (cache miss)
632 http fetch GET 200 https://registry.npmjs.org/@playwright/test/-/test-1.58.2.tgz 294ms (cache miss)
633 http fetch GET 200 https://registry.npmjs.org/@vitest/spy/-/spy-4.0.18.tgz 381ms (cache miss)
634 http fetch GET 200 https://registry.npmjs.org/@vitest/utils/-/utils-4.0.18.tgz 427ms (cache miss)
635 http fetch GET 200 https://registry.npmjs.org/@sveltejs%2fkit 145ms (cache miss)
636 silly packumentCache corgi:https://registry.npmjs.org/@sveltejs%2fkit set size:undefined disposed:false
637 silly packumentCache corgi:https://registry.npmjs.org/@sveltejs%2fadapter-auto cache-miss
638 http fetch GET 200 https://registry.npmjs.org/vitest/-/vitest-4.0.18.tgz 506ms (cache miss)
639 http fetch GET 200 https://registry.npmjs.org/@sveltejs%2fadapter-auto 96ms (cache miss)
640 silly packumentCache corgi:https://registry.npmjs.org/@sveltejs%2fadapter-auto set size:undefined disposed:false
641 http fetch GET 200 https://registry.npmjs.org/playwright/-/playwright-1.58.2.tgz 598ms (cache miss)
642 http fetch GET 200 https://registry.npmjs.org/@vitest/pretty-format/-/pretty-format-4.0.18.tgz 663ms (cache miss)
643 http fetch GET 200 https://registry.npmjs.org/@vitest/mocker/-/mocker-4.0.18.tgz 728ms (cache miss)
644 http fetch GET 200 https://registry.npmjs.org/playwright-core/-/playwright-core-1.58.2.tgz 1013ms (cache miss)
645 info run fsevents@2.3.2 install node_modules/playwright/node_modules/fsevents node-gyp rebuild
646 info run fsevents@2.3.2 install { code: 1, signal: null }
647 verbose reify failed optional dependency /Users/pedroreyes/Documents/Selvatic/apps/web/node_modules/playwright/node_modules/fsevents
648 silly reify mark deleted [
648 silly reify   '/Users/pedroreyes/Documents/Selvatic/apps/web/node_modules/playwright/node_modules/fsevents'
648 silly reify ]
649 silly ADD node_modules/stackback
650 silly ADD node_modules/siginfo
651 silly ADD node_modules/punycode
652 silly ADD node_modules/tr46
653 silly ADD node_modules/estree-walker
654 silly ADD node_modules/assertion-error
655 silly ADD node_modules/@types/deep-eql
656 silly ADD node_modules/chai
657 silly ADD node_modules/@types/chai
658 silly ADD node_modules/why-is-node-running
659 silly ADD node_modules/tinyrainbow
660 silly ADD node_modules/tinyexec
661 silly ADD node_modules/tinybench
662 silly ADD node_modules/std-env
663 silly ADD node_modules/pathe
664 silly ADD node_modules/expect-type
665 silly ADD node_modules/es-module-lexer
666 silly ADD node_modules/@vitest/utils
667 silly ADD node_modules/@vitest/spy
668 silly ADD node_modules/@vitest/snapshot
669 silly ADD node_modules/@vitest/runner
670 silly ADD node_modules/@vitest/pretty-format
671 silly ADD node_modules/@vitest/mocker
672 silly ADD node_modules/@vitest/expect
673 silly ADD node_modules/tldts-core
674 silly ADD node_modules/tldts
675 silly ADD node_modules/xmlchars
676 silly ADD node_modules/playwright-core
677 silly ADD node_modules/entities
678 silly ADD node_modules/ms
679 silly ADD node_modules/debug
680 silly ADD node_modules/agent-base
681 silly ADD node_modules/@csstools/color-helpers
682 silly ADD node_modules/@csstools/css-color-parser
683 silly ADD node_modules/@csstools/css-tokenizer
684 silly ADD node_modules/@csstools/css-parser-algorithms
685 silly ADD node_modules/@csstools/css-calc
686 silly ADD node_modules/@csstools/css-syntax-patches-for-csstree
687 silly ADD node_modules/@asamuzakjp/css-color
688 silly ADD node_modules/mdn-data
689 silly ADD node_modules/require-from-string
690 silly ADD node_modules/lru-cache
691 silly ADD node_modules/css-tree
692 silly ADD node_modules/bidi-js
693 silly ADD node_modules/@asamuzakjp/nwsapi
694 silly ADD node_modules/xml-name-validator
695 silly ADD node_modules/whatwg-url
696 silly ADD node_modules/whatwg-mimetype
697 silly ADD node_modules/webidl-conversions
698 silly ADD node_modules/w3c-xmlserializer
699 silly ADD node_modules/undici
700 silly ADD node_modules/tough-cookie
701 silly ADD node_modules/symbol-tree
702 silly ADD node_modules/saxes
703 silly ADD node_modules/parse5
704 silly ADD node_modules/is-potential-custom-element-name
705 silly ADD node_modules/https-proxy-agent
706 silly ADD node_modules/http-proxy-agent
707 silly ADD node_modules/html-encoding-sniffer
708 silly ADD node_modules/decimal.js
709 silly ADD node_modules/data-urls
710 silly ADD node_modules/cssstyle
711 silly ADD node_modules/@exodus/bytes
712 silly ADD node_modules/@bramus/specificity
713 silly ADD node_modules/@asamuzakjp/dom-selector
714 silly ADD node_modules/@acemir/cssom
715 silly ADD node_modules/playwright
716 silly ADD
717 silly ADD node_modules/vitest
718 silly ADD node_modules/jsdom
719 silly ADD node_modules/@playwright/test
720 verbose cwd /Users/pedroreyes/Documents/Selvatic
721 verbose os Darwin 25.2.0
722 verbose node v24.11.1
723 verbose npm  v11.6.2
724 verbose exit 0
725 info ok
